// Jest Snapshot v1, https://goo.gl/fbAQLP

exports[`PanelGroup User renders the component 1`] = `
<el-row gutter="40" class="panel-group" totalusersummary="[object Object]">
  <el-card class="box-card">
    <div slot="header" class="clearfix"><span>Total user per:</span></div>
    <div style="margin-bottom: 50px;">
      <el-col xs="12" sm="12" lg="6" class="card-panel-col">
        <div class="card-panel">
          <div class="card-panel-icon-wrapper icon-people-all">
            <svg-icon icon-class="peoples" class-name="card-panel-icon"></svg-icon>
          </div>
          <div class="card-panel-description">
            <div class="card-panel-text">
              Semua
            </div> <span class="card-panel-num">
  0
</span>
          </div>
        </div>
      </el-col>
      <el-col xs="12" sm="12" lg="6" class="card-panel-col">
        <div class="card-panel">
          <div class="card-panel-icon-wrapper icon-people-province">
            <svg-icon icon-class="peoples" class-name="card-panel-icon"></svg-icon>
          </div>
          <div class="card-panel-description">
            <div class="card-panel-text">
              Provinsi
            </div> <span class="card-panel-num">
  0
</span>
          </div>
        </div>
      </el-col>
      <el-col xs="12" sm="12" lg="6" class="card-panel-col">
        <div class="card-panel">
          <div class="card-panel-icon-wrapper icon-people-kota">
            <svg-icon icon-class="peoples" class-name="card-panel-icon"></svg-icon>
          </div>
          <div class="card-panel-description">
            <div class="card-panel-text">
              Kota/Kab
            </div> <span class="card-panel-num">
  0
</span>
          </div>
        </div>
      </el-col>
      <el-col xs="12" sm="12" lg="6" class="card-panel-col">
        <div class="card-panel">
          <div class="card-panel-icon-wrapper icon-people-kec">
            <svg-icon icon-class="peoples" class-name="card-panel-icon"></svg-icon>
          </div>
          <div class="card-panel-description">
            <div class="card-panel-text">
              Kecamatan
            </div> <span class="card-panel-num">
  0
</span>
          </div>
        </div>
      </el-col>
      <el-col xs="12" sm="12" lg="6" class="card-panel-col">
        <div class="card-panel">
          <div class="card-panel-icon-wrapper icon-people-kel">
            <svg-icon icon-class="peoples" class-name="card-panel-icon"></svg-icon>
          </div>
          <div class="card-panel-description">
            <div class="card-panel-text">
              Kelurahan
            </div> <span class="card-panel-num">
  0
</span>
          </div>
        </div>
      </el-col>
      <el-col xs="12" sm="12" lg="6" class="card-panel-col">
        <div class="card-panel">
          <div class="card-panel-icon-wrapper icon-people-rw">
            <svg-icon icon-class="peoples" class-name="card-panel-icon"></svg-icon>
          </div>
          <div class="card-panel-description">
            <div class="card-panel-text">
              RW
            </div> <span class="card-panel-num">
  0
</span>
          </div>
        </div>
      </el-col>
      <el-col xs="12" sm="12" lg="6" class="card-panel-col">
        <div class="card-panel">
          <div class="card-panel-icon-wrapper icon-people-rt">
            <svg-icon icon-class="peoples" class-name="card-panel-icon"></svg-icon>
          </div>
          <div class="card-panel-description">
            <div class="card-panel-text">
              RT
            </div> <span class="card-panel-num">
  0
</span>
          </div>
        </div>
      </el-col>
    </div>
  </el-card>
</el-row>
`;
